
[1m[46m RUN [49m[22m [36mv4.0.18 [39m[90mE:/code/ccr-clone[39m

 [31m├ù[39m src/lib/user-service.test.ts[2m > [22mUserService[2m > [22mfindByIdentifier[2m > [22mshould find a user by username or email[32m 5[2mms[22m[39m
[31m   ΓåÆ expected "vi.fn()" to be called at least once[39m
 [31m├ù[39m src/lib/user-service.test.ts[2m > [22mUserService[2m > [22misUsernameTaken[2m > [22mshould return true if username exists[32m 5[2mms[22m[39m
[31m   ΓåÆ expected undefined to be true // Object.is equality[39m
 [31m├ù[39m src/lib/user-service.test.ts[2m > [22mUserService[2m > [22misUsernameTaken[2m > [22mshould return false if username does not exist[32m 1[2mms[22m[39m
[31m   ΓåÆ expected undefined to be false // Object.is equality[39m
 [32mΓ£ô[39m src/lib/actions.test.ts[2m > [22mAuth Actions[2m > [22mregister[2m > [22mshould register a new user successfully[32m 7[2mms[22m[39m
 [32mΓ£ô[39m src/lib/actions.test.ts[2m > [22mAuth Actions[2m > [22mregister[2m > [22mshould fail if username is taken[32m 1[2mms[22m[39m
 [32mΓ£ô[39m src/lib/actions.test.ts[2m > [22mAuth Actions[2m > [22mlogout[2m > [22mshould call signOut and redirect[32m 2[2mms[22m[39m
 [32mΓ£ô[39m src/components/auth-card.test.tsx[2m > [22mAuthCard[2m > [22mrenders correctly with title and description[32m 47[2mms[22m[39m
node.exe : 
At 
C:\nvm4w\nodejs\npx.ps1:16 
char:5
+     & "$basedir/node$exe"  
"$basedir/node_modules/npm/bi
n/npx-cli.js" ...
+     ~~~~~~~~~~~~~~~~~~~~~~~
~~~~~~~~~~~~~~~~~~~~~~~~~~~~~
~~~~~~~~~~~~~
    + CategoryInfo           
   : NotSpecified: (:String  
  ) [], RemoteException
    + FullyQualifiedErrorId  
   : NativeCommandError
 
[31mΓÄ»ΓÄ»ΓÄ»ΓÄ»ΓÄ»ΓÄ»ΓÄ»[3
9m[1m[41m Failed Tests 3 [
49m[22m[31mΓÄ»ΓÄ»ΓÄ»ΓÄ»ΓÄ»Γ
Ä»ΓÄ»[39m

[41m[1m FAIL [22m[49m src
/lib/user-service.test.ts[2m
 > [22mUserService[2m > 
[22mfindByIdentifier[2m > 
[22mshould find a user by 
username or email
[31m[1mAssertionError[22m:
 expected "vi.fn()" to be 
called at least once[39m
[36m [2mΓ¥»[22m src/lib/us
er-service.test.ts:[2m27:31
[22m[39m
    [90m 25| [39m          
  [35mconst[39m user 
[33m=[39m [35mawait[39m 
[33mUserService[39m[33m.[3
9m[34mfindByIdentifier[39m(
[32m'testuser'[39m)
    [90m 26| [39m
    [90m 27| [39m          
  [34mexpect[39m(db[33m.[
39mselect)[33m.[39m[34mtoH
aveBeenCalled[39m()
    [90m   | [39m          
                    
[31m^[39m
    [90m 28| [39m          
  [34mexpect[39m(user)[33m
.[39m[34mtoEqual[39m(mockU
ser)
    [90m 29| [39m        })

[31m[2mΓÄ»ΓÄ»ΓÄ»ΓÄ»ΓÄ»ΓÄ»ΓÄ
»ΓÄ»ΓÄ»ΓÄ»ΓÄ»ΓÄ»ΓÄ»ΓÄ»ΓÄ»ΓÄ»Γ
Ä»ΓÄ»ΓÄ»ΓÄ»ΓÄ»ΓÄ»ΓÄ»ΓÄ»[1/3]Γ
Ä»[22m[39m

[41m[1m FAIL [22m[49m src
/lib/user-service.test.ts[2m
 > [22mUserService[2m > 
[22misUsernameTaken[2m > 
[22mshould return true if 
username exists
[31m[1mAssertionError[22m:
 expected undefined to be 
true // Object.is 
equality[39m

[32m- Expected:[39m 
true

[31m+ Received:[39m 
undefined

[36m [2mΓ¥»[22m src/lib/us
er-service.test.ts:[2m42:27
[22m[39m
    [90m 40| [39m
    [90m 41| [39m          
  const taken = await UserSer
vice.isUsernameTaken('taken_u
seΓÇª
    [90m 42| [39m          
  [34mexpect[39m(taken)[33
m.[39m[34mtoBe[39m([35mtr
ue[39m)
    [90m   | [39m          
                [31m^[39m
    [90m 43| [39m        })
    [90m 44| [39m

[31m[2mΓÄ»ΓÄ»ΓÄ»ΓÄ»ΓÄ»ΓÄ»ΓÄ
»ΓÄ»ΓÄ»ΓÄ»ΓÄ»ΓÄ»ΓÄ»ΓÄ»ΓÄ»ΓÄ»Γ
Ä»ΓÄ»ΓÄ»ΓÄ»ΓÄ»ΓÄ»ΓÄ»ΓÄ»[2/3]Γ
Ä»[22m[39m

[41m[1m FAIL [22m[49m src
/lib/user-service.test.ts[2m
 > [22mUserService[2m > 
[22misUsernameTaken[2m > 
[22mshould return false if 
username does not exist
[31m[1mAssertionError[22m:
 expected undefined to be 
false // Object.is 
equality[39m

[32m- Expected:[39m 
false

[31m+ Received:[39m 
undefined

[36m [2mΓ¥»[22m src/lib/us
er-service.test.ts:[2m54:27
[22m[39m
    [90m 52| [39m
    [90m 53| [39m          
  const taken = await UserSer
vice.isUsernameTaken('free_us
erΓÇª
    [90m 54| [39m          
  [34mexpect[39m(taken)[33
m.[39m[34mtoBe[39m([35mfa
lse[39m)
    [90m   | [39m          
                [31m^[39m
    [90m 55| [39m        })
    [90m 56| [39m    })

[31m[2mΓÄ»ΓÄ»ΓÄ»ΓÄ»ΓÄ»ΓÄ»ΓÄ
»ΓÄ»ΓÄ»ΓÄ»ΓÄ»ΓÄ»ΓÄ»ΓÄ»ΓÄ»ΓÄ»Γ
Ä»ΓÄ»ΓÄ»ΓÄ»ΓÄ»ΓÄ»ΓÄ»ΓÄ»[3/3]Γ
Ä»[22m[39m


[2m Test Files [22m [1m[31m1 failed[39m[22m[2m | [22m[1m[32m2 passed[39m[22m[90m (3)[39m
[2m      Tests [22m [1m[31m3 failed[39m[22m[2m | [22m[1m[32m4 passed[39m[22m[90m (7)[39m
[2m   Start at [22m 12:42:05
[2m   Duration [22m 1.90s[2m (transform 285ms, setup 560ms, import 662ms, tests 75ms, environment 2.94s)[22m

